// Jest Snapshot v1, https://goo.gl/fbAQLP

exports[`renders 1`] = `
<div
  className="about"
>
  <div
    className="hero background-image"
  >
    <h1>
      About
    </h1>
  </div>
  <div
    className="container"
  >
    <h2>
      Subheading here for page section
    </h2>
    <p>
      Lorem ipsum dolor sit amet, arcu vulputate egestas dolor wisi, fugiat vestibulum etiam mattis sit, curabitur elit nulla vel, mus quis elit porttitor nulla. Amet elit in convallis, metus nam at sed, ipsum phasellus a dapibus, ornare in massa pharetra. Montes elementum pede integer ac, pulvinar aliquam non in augue, orci nulla eros nulla. Vulputate ut sed eget eu, dolor aliquam velit quisque a. Fermentum venenatis rhoncus vitae congue, suspendisse potenti pellentesque vestibulum.
    </p>
    <p>
      Amet a. Tempor eu. Dignissim nunc. Morbi faucibus, fermentum urna in, vitae nulla habitasse. A sit, vehicula eleifend, per massa vitae. Amet a. Tempor eu. Dignissim nunc. Morbi faucibus, fermentum urna in, vitae nulla habitasse.
    </p>
    <p>
      Lorem ipsum dolor sit amet, arcu vulputate egestas dolor wisi, fugiat vestibulum etiam mattis sit, curabitur elit nulla vel, mus quis elit porttitor nulla. Amet elit in convallis, metus nam at sed, ipsum phasellus a dapibus, ornare in massa pharetra. Montes elementum pede integer ac, pulvinar aliquam non in augue, orci nulla eros nulla. Vulputate ut sed eget eu, dolor aliquam velit quisque a. Fermentum venenatis rhoncus vitae congue, suspendisse potenti pellentesque vestibulum.
    </p>
    <p>
      Amet eget semper. Nam in urna. Semper felis, eros vitae. Lectus sapien, consectetuer nunc. A fermentum, at duis. Amet a. Tempor eu. Dignissim nunc. Morbi faucibus, fermentum urna in, vitae nulla habitasse.
    </p>
  </div>
</div>
`;
