// Jest Snapshot v1, https://goo.gl/fbAQLP

exports[`renders 1`] = `
<div>
  <div
    className="hero background-image"
  >
    <h1>
      Essays
    </h1>
  </div>
  <div
    className="container"
  >
    <blockquote>
      "Lorem ipsum dolor sit amet, arcu vulputate egestas dolor wisi, fugiat vestibulum etiam mattis sit, curabitur elit nulla vel, mus quis elit porttitor nulla."
    </blockquote>
    <p
      className="center-text"
    >
      â€”Source Attribution
    </p>
    <p>
      Lorem ipsum dolor sit amet, arcu vulputate egestas dolor wisi, fugiat vestibulum etiam mattis sit, curabitur elit nulla vel, mus quis elit porttitor nulla. Amet elit in convallis, metus nam at sed, ipsum phasellus a dapibus, ornare in massa pharetra. Montes elementum pede integer ac, pulvinar aliquam non in augue, orci nulla eros nulla. Vulputate ut sed eget eu, dolor aliquam velit quisque a. Fermentum venenatis rhoncus vitae congue, suspendisse potenti pellentesque vestibulum.
    </p>
    <p>
      Amet a. Tempor eu. Dignissim nunc. Morbi faucibus, fermentum urna in, vitae nulla habitasse. A sit, vehicula eleifend, per massa vitae. Amet a. Tempor eu. Dignissim nunc. Morbi faucibus, fermentum urna in, vitae nulla habitasse.
    </p>
    <div
      className="essay-titles"
    >
      <h2>
        Table of Contents
      </h2>
      <a
        className="essay-title"
        download={true}
        href="/assets/files/sample.pdf"
      >
        1
        . 
        Lorem ipsum dolor sit amet, arcu vulputate
      </a>
      <a
        className="essay-title"
        download={true}
        href="/assets/files/sample.pdf"
      >
        2
        . 
        Ipsum dolor sit amet, arcu vulputate
      </a>
      <a
        className="essay-title"
        download={true}
        href="/assets/files/sample.pdf"
      >
        3
        . 
        Dolor sit amet, arcu vulputate
      </a>
      <a
        className="essay-title"
        download={true}
        href="/assets/files/sample.pdf"
      >
        4
        . 
        Amet a. Tempor eu. Dignissim nunc. Morbi faucibus
      </a>
      <a
        className="essay-title"
        download={true}
        href="/assets/files/sample.pdf"
      >
        5
        . 
        Tempor eu. Dignissim nunc. Morbi faucibus
      </a>
      <a
        className="essay-title"
        download={true}
        href="/assets/files/sample.pdf"
      >
        6
        . 
        Lorem ipsum dolor sit amet, arcu vulputate
      </a>
      <a
        className="essay-title"
        download={true}
        href="/assets/files/sample.pdf"
      >
        7
        . 
        A. Tempor eu. Dignissim nunc. Morbi faucibus
      </a>
      <a
        className="essay-title"
        download={true}
        href="/assets/files/sample.pdf"
      >
        8
        . 
        Tempor eu. Dignissim nunc. Morbi faucibus
      </a>
    </div>
    <p>
      Lorem ipsum dolor sit amet, arcu vulputate egestas dolor wisi, fugiat vestibulum etiam mattis sit, curabitur elit nulla vel, mus quis elit porttitor nulla. Amet elit in convallis, metus nam at sed, ipsum phasellus a dapibus, ornare in massa pharetra. Montes elementum pede integer ac, pulvinar aliquam non in augue, orci nulla eros nulla. Vulputate ut sed eget eu, dolor aliquam velit quisque a. Fermentum venenatis rhoncus vitae congue, suspendisse potenti pellentesque vestibulum.
    </p>
    <p>
      Amet a. Tempor eu. Dignissim nunc. Morbi faucibus, fermentum urna in, vitae nulla habitasse. A sit, vehicula eleifend, per massa vitae. Amet a. Tempor eu. Dignissim nunc. Morbi faucibus, fermentum urna in, vitae nulla habitasse.
    </p>
  </div>
</div>
`;
